
> hirrd@1.0.0 build
> tsc -b && vite build

src/api/companies.ts(35,7): error TS2322: Type 'string | null' is not assignable to type 'never'.
  Type 'null' is not assignable to type 'never'.
src/api/companies.ts(36,7): error TS2322: Type 'string | null' is not assignable to type 'never'.
  Type 'null' is not assignable to type 'never'.
src/api/companies.ts(37,7): error TS2322: Type 'string | null' is not assignable to type 'never'.
  Type 'null' is not assignable to type 'never'.
src/api/companies.ts(50,35): error TS2344: Type '"name" | "logo_url" | "description" | "industry" | "headquarters" | "website"' does not satisfy the constraint 'keyof CompanyRow'.
  Type '"industry"' is not assignable to type 'keyof CompanyRow'.
src/api/companies.ts(54,13): error TS2345: Argument of type 'Partial<Pick<CompanyRow, "name" | "logo_url" | "description" | "industry" | "headquarters" | "website">>' is not assignable to parameter of type 'RejectExcessProperties<Partial<CompanyInsert>, Partial<Pick<CompanyRow, "name" | "logo_url" | "description" | "industry" | "headquarters" | "website">>>'.
  Type 'Partial<Pick<CompanyRow, "name" | "logo_url" | "description" | "industry" | "headquarters" | "website">>' is not assignable to type '{ industry: never; headquarters: never; website: never; }'.
    Types of property 'industry' are incompatible.
      Type 'unknown' is not assignable to type 'never'.
src/api/job-actions.ts(50,5): error TS2322: Type 'string' is not assignable to type 'never'.
src/api/job-actions.ts(51,5): error TS2322: Type 'string | null' is not assignable to type 'never'.
  Type 'null' is not assignable to type 'never'.
src/api/jobs.ts(2,47): error TS2305: Module '"@/types/database.types"' has no exported member 'WorkMode'.
src/api/jobs.ts(28,22): error TS2345: Argument of type '"work_mode"' is not assignable to parameter of type '"companies" | "departments" | keyof JobRow'.
src/api/jobs.ts(31,22): error TS2345: Argument of type '"category"' is not assignable to parameter of type '"companies" | "departments" | keyof JobRow'.
src/api/jobs.ts(79,9): error TS2345: Argument of type '"category"' is not assignable to parameter of type '"companies" | "departments" | keyof JobRow'.
src/api/jobs.ts(79,25): error TS2339: Property 'category' does not exist on type 'JobListingRow'.
src/api/jobs.ts(100,63): error TS2339: Property 'category' does not exist on type 'SelectQueryError<"column 'category' does not exist on 'job_listings'.">'.
src/api/jobs.ts(102,46): error TS2339: Property 'company_id' does not exist on type 'SelectQueryError<"column 'category' does not exist on 'job_listings'.">'.
src/api/jobs.ts(102,62): error TS2339: Property 'company_name' does not exist on type 'SelectQueryError<"column 'category' does not exist on 'job_listings'.">'.
src/api/jobs.ts(142,13): error TS2339: Property 'title' does not exist on type 'SelectQueryError<"column 'company_name' does not exist on 'job_listings'.">'.
src/api/jobs.ts(142,66): error TS2339: Property 'title' does not exist on type 'SelectQueryError<"column 'company_name' does not exist on 'job_listings'.">'.
src/api/jobs.ts(142,91): error TS2339: Property 'title' does not exist on type 'SelectQueryError<"column 'company_name' does not exist on 'job_listings'.">'.
src/api/jobs.ts(143,13): error TS2339: Property 'company_name' does not exist on type 'SelectQueryError<"column 'company_name' does not exist on 'job_listings'.">'.
src/api/jobs.ts(144,25): error TS2339: Property 'company_name' does not exist on type 'SelectQueryError<"column 'company_name' does not exist on 'job_listings'.">'.
src/api/jobs.ts(144,57): error TS2339: Property 'company_name' does not exist on type 'SelectQueryError<"column 'company_name' does not exist on 'job_listings'.">'.
src/api/jobs.ts(146,13): error TS2339: Property 'location' does not exist on type 'SelectQueryError<"column 'company_name' does not exist on 'job_listings'.">'.
src/api/jobs.ts(146,29): error TS2339: Property 'location' does not exist on type 'SelectQueryError<"column 'company_name' does not exist on 'job_listings'.">'.
src/api/jobs.ts(147,25): error TS2339: Property 'location' does not exist on type 'SelectQueryError<"column 'company_name' does not exist on 'job_listings'.">'.
src/api/jobs.ts(147,53): error TS2339: Property 'location' does not exist on type 'SelectQueryError<"column 'company_name' does not exist on 'job_listings'.">'.
src/api/jobs.ts(149,29): error TS2339: Property 'skills' does not exist on type 'SelectQueryError<"column 'company_name' does not exist on 'job_listings'.">'.
src/api/jobs.ts(178,46): error TS2345: Argument of type '"job_applicant_count"' is not assignable to parameter of type 'never'.
src/api/users.ts(32,9): error TS2353: Object literal may only specify known properties, and 'email' does not exist in type 'RejectExcessProperties<UserInsert, UserInsert> | RejectExcessProperties<UserInsert, UserInsert>[]'.
src/api/users.ts(63,21): error TS2322: Type 'true' is not assignable to type 'never'.
src/components/shared/protected-route.tsx(38,17): error TS2339: Property 'onboarding_completed' does not exist on type 'UserRow'.
src/components/shared/status-badge.tsx(5,3): error TS2353: Object literal may only specify known properties, and 'applied' does not exist in type 'Record<ApplicationStatus, string>'.
src/components/shared/status-badge.tsx(13,3): error TS2353: Object literal may only specify known properties, and 'applied' does not exist in type 'Record<ApplicationStatus, string>'.
src/features/recruiter/job-form.tsx(10,60): error TS2305: Module '"@/types/database.types"' has no exported member 'WorkMode'.
src/features/recruiter/job-form.tsx(19,5): error TS2820: Type '"full-time"' is not assignable to type 'EmploymentType'. Did you mean '"full_time"'?
src/features/recruiter/job-form.tsx(20,5): error TS2820: Type '"part-time"' is not assignable to type 'EmploymentType'. Did you mean '"part_time"'?
src/features/recruiter/job-form.tsx(29,5): error TS2322: Type '"lead"' is not assignable to type 'ExperienceLevel'.
src/pages/candidate/candidate-applications-page.tsx(66,16): error TS2367: This comparison appears to be unintentional because the types 'ApplicationStatus' and '"applied"' have no overlap.
src/pages/candidate/candidate-dashboard-page.tsx(37,9): error TS6133: 'recommendedJobsQuery' is declared but its value is never read.
src/pages/candidate/candidate-dashboard-page.tsx(82,28): error TS2551: Property 'JOBS' does not exist on type '{ readonly home: "/"; readonly signIn: "/sign-in"; readonly signUp: "/sign-up"; readonly signInRoute: "/sign-in/*"; readonly signUpRoute: "/sign-up/*"; readonly onboarding: "/onboarding"; ... 13 more ...; readonly candidateProfile: "/candidate/profile"; }'. Did you mean 'jobs'?
src/pages/candidate/candidate-dashboard-page.tsx(91,44): error TS2345: Argument of type 'string | null | undefined' is not assignable to parameter of type '{ headline: string | null; bio: string | null; resume_url: string | null; skills?: string[] | null | undefined; experience?: unknown[] | null | undefined; education?: unknown[] | null | undefined; }'.
  Type 'undefined' is not assignable to type '{ headline: string | null; bio: string | null; resume_url: string | null; skills?: string[] | null | undefined; experience?: unknown[] | null | undefined; education?: unknown[] | null | undefined; }'.
src/pages/candidate/candidate-dashboard-page.tsx(103,55): error TS2322: Type '{ className: string; }' is not assignable to type 'IntrinsicAttributes & { rows?: number | undefined; }'.
  Property 'className' does not exist on type 'IntrinsicAttributes & { rows?: number | undefined; }'.
src/pages/candidate/candidate-dashboard-page.tsx(111,32): error TS2551: Property 'JOB_DETAIL' does not exist on type '{ readonly home: "/"; readonly signIn: "/sign-in"; readonly signUp: "/sign-up"; readonly signInRoute: "/sign-in/*"; readonly signUpRoute: "/sign-up/*"; readonly onboarding: "/onboarding"; ... 13 more ...; readonly candidateProfile: "/candidate/profile"; }'. Did you mean 'jobDetail'?
src/pages/candidate/candidate-dashboard-page.tsx(156,52): error TS2322: Type '{ className: string; }' is not assignable to type 'IntrinsicAttributes & { rows?: number | undefined; }'.
  Property 'className' does not exist on type 'IntrinsicAttributes & { rows?: number | undefined; }'.
src/pages/candidate/candidate-dashboard-page.tsx(164,32): error TS2551: Property 'JOB_DETAIL' does not exist on type '{ readonly home: "/"; readonly signIn: "/sign-in"; readonly signUp: "/sign-up"; readonly signInRoute: "/sign-in/*"; readonly signUpRoute: "/sign-up/*"; readonly onboarding: "/onboarding"; ... 13 more ...; readonly candidateProfile: "/candidate/profile"; }'. Did you mean 'jobDetail'?
src/pages/candidate/candidate-dashboard-page.tsx(167,28): error TS2339: Property 'jobs' does not exist on type 'SavedJobRow'.
src/pages/candidate/candidate-dashboard-page.tsx(174,36): error TS2551: Property 'JOB_DETAIL' does not exist on type '{ readonly home: "/"; readonly signIn: "/sign-in"; readonly signUp: "/sign-up"; readonly signInRoute: "/sign-in/*"; readonly signUpRoute: "/sign-up/*"; readonly onboarding: "/onboarding"; ... 13 more ...; readonly candidateProfile: "/candidate/profile"; }'. Did you mean 'jobDetail'?
src/pages/candidate/candidate-dashboard-page.tsx(216,9): error TS2322: Type '{ isOpen: boolean; onOpenChange: (open: any) => void; title: string; description: string; confirmText: string; isPending: boolean; onConfirm: () => void; }' is not assignable to type 'IntrinsicAttributes & ConfirmDialogProps'.
  Property 'isOpen' does not exist on type 'IntrinsicAttributes & ConfirmDialogProps'.
src/pages/candidate/candidate-dashboard-page.tsx(217,24): error TS7006: Parameter 'open' implicitly has an 'any' type.
src/pages/candidate/candidate-profile-page.tsx(42,27): error TS2339: Property 'first_name' does not exist on type 'UserRow'.
src/pages/candidate/candidate-profile-page.tsx(43,26): error TS2339: Property 'last_name' does not exist on type 'UserRow'.
src/pages/candidate/candidate-profile-page.tsx(44,26): error TS2339: Property 'headline' does not exist on type 'UserRow'.
src/pages/candidate/candidate-profile-page.tsx(45,21): error TS2339: Property 'bio' does not exist on type 'UserRow'.
src/pages/candidate/candidate-profile-page.tsx(46,24): error TS2339: Property 'skills' does not exist on type 'UserRow'.
src/pages/candidate/candidate-profile-page.tsx(47,30): error TS2339: Property 'portfolio_url' does not exist on type 'UserRow'.
src/pages/candidate/candidate-profile-page.tsx(48,27): error TS2339: Property 'github_url' does not exist on type 'UserRow'.
src/pages/candidate/candidate-profile-page.tsx(49,29): error TS2339: Property 'linkedin_url' does not exist on type 'UserRow'.
src/pages/candidate/candidate-profile-page.tsx(50,23): error TS2339: Property 'phone' does not exist on type 'UserRow'.
src/pages/candidate/candidate-profile-page.tsx(52,12): error TS2339: Property 'experience' does not exist on type 'UserRow'.
src/pages/candidate/candidate-profile-page.tsx(52,29): error TS7006: Parameter 'e' implicitly has an 'any' type.
src/pages/candidate/candidate-profile-page.tsx(57,12): error TS2339: Property 'education' does not exist on type 'UserRow'.
src/pages/candidate/candidate-profile-page.tsx(57,28): error TS7006: Parameter 'e' implicitly has an 'any' type.
src/pages/candidate/candidate-profile-page.tsx(80,9): error TS2353: Object literal may only specify known properties, and 'first_name' does not exist in type 'Partial<UserInsert>'.
src/pages/candidate/candidate-profile-page.tsx(118,25): error TS2339: Property 'headline' does not exist on type 'UserRow'.
src/pages/candidate/candidate-profile-page.tsx(119,20): error TS2339: Property 'bio' does not exist on type 'UserRow'.
src/pages/candidate/candidate-profile-page.tsx(121,23): error TS2339: Property 'skills' does not exist on type 'UserRow'.
src/pages/candidate/candidate-profile-page.tsx(122,27): error TS2339: Property 'experience' does not exist on type 'UserRow'.
src/pages/candidate/candidate-profile-page.tsx(123,26): error TS2339: Property 'education' does not exist on type 'UserRow'.
src/pages/candidate/candidate-profile-page.tsx(337,37): error TS2339: Property 'first_name' does not exist on type 'UserRow'.
src/pages/candidate/candidate-profile-page.tsx(337,65): error TS2339: Property 'last_name' does not exist on type 'UserRow'.
src/pages/company-detail-page.tsx(36,59): error TS2339: Property 'category' does not exist on type 'JobListingRow'.
src/pages/company-detail-page.tsx(37,44): error TS2339: Property 'work_mode' does not exist on type 'JobListingRow'.
src/pages/company-detail-page.tsx(58,23): error TS2339: Property 'industry' does not exist on type 'CompanyRow'.
src/pages/company-detail-page.tsx(58,41): error TS2339: Property 'headquarters' does not exist on type 'CompanyRow'.
src/pages/company-detail-page.tsx(60,20): error TS2339: Property 'website' does not exist on type 'CompanyRow'.
src/pages/company-detail-page.tsx(62,29): error TS2339: Property 'website' does not exist on type 'CompanyRow'.
src/pages/company-detail-page.tsx(67,24): error TS2339: Property 'website' does not exist on type 'CompanyRow'.
src/pages/company-detail-page.tsx(103,30): error TS2339: Property 'work_mode' does not exist on type 'JobListingRow'.
src/pages/company-detail-page.tsx(103,101): error TS2339: Property 'work_mode' does not exist on type 'JobListingRow'.
src/pages/job-detail-page.tsx(4,1): error TS6133: 'Show' is declared but its value is never read.
src/pages/job-detail-page.tsx(5,26): error TS6133: 'LinkIcon' is declared but its value is never read.
src/pages/job-detail-page.tsx(68,37): error TS2345: Argument of type 'string | null' is not assignable to parameter of type 'JobListingRow'.
  Type 'null' is not assignable to type 'JobListingRow'.
    Type 'null' is not assignable to type 'JobRow'.
src/pages/job-detail-page.tsx(73,47): error TS2554: Expected 1 arguments, but got 2.
src/pages/job-detail-page.tsx(82,11): error TS2322: Type '"application_received"' is not assignable to type 'NotificationType'.
src/pages/job-detail-page.tsx(167,28): error TS2551: Property 'JOBS' does not exist on type '{ readonly home: "/"; readonly signIn: "/sign-in"; readonly signUp: "/sign-up"; readonly signInRoute: "/sign-in/*"; readonly signUpRoute: "/sign-up/*"; readonly onboarding: "/onboarding"; ... 13 more ...; readonly candidateProfile: "/candidate/profile"; }'. Did you mean 'jobs'?
src/pages/job-detail-page.tsx(183,54): error TS2554: Expected 1 arguments, but got 2.
src/pages/job-detail-page.tsx(197,66): error TS2554: Expected 2 arguments, but got 3.
src/pages/job-detail-page.tsx(283,28): error TS2551: Property 'JOB_DETAIL' does not exist on type '{ readonly home: "/"; readonly signIn: "/sign-in"; readonly signUp: "/sign-up"; readonly signInRoute: "/sign-in/*"; readonly signUpRoute: "/sign-up/*"; readonly onboarding: "/onboarding"; ... 13 more ...; readonly candidateProfile: "/candidate/profile"; }'. Did you mean 'jobDetail'?
src/pages/job-detail-page.tsx(288,57): error TS2554: Expected 1 arguments, but got 2.
src/pages/job-detail-page.tsx(297,10): error TS2741: Property 'candidateId' is missing in type '{ isOpen: boolean; onOpenChange: Dispatch<SetStateAction<boolean>>; jobId: string; jobTitle: string; }' but required in type 'JobMatchDialogProps'.
src/pages/jobs-browse-page.tsx(12,32): error TS2305: Module '"@/types/database.types"' has no exported member 'WorkMode'.
src/pages/jobs-browse-page.tsx(18,5): error TS2322: Type '"lead"' is not assignable to type 'ExperienceLevel'.
src/pages/jobs-browse-page.tsx(253,30): error TS2339: Property 'company_name' does not exist on type 'JobListingRow'.
src/pages/jobs-browse-page.tsx(255,30): error TS2339: Property 'work_mode' does not exist on type 'JobListingRow'.
src/pages/jobs-browse-page.tsx(255,101): error TS2339: Property 'work_mode' does not exist on type 'JobListingRow'.
src/pages/landing-page.tsx(179,34): error TS2339: Property 'company_name' does not exist on type 'JobListingRow'.
src/pages/landing-page.tsx(181,34): error TS2339: Property 'work_mode' does not exist on type 'JobListingRow'.
src/pages/landing-page.tsx(181,105): error TS2339: Property 'work_mode' does not exist on type 'JobListingRow'.
src/pages/onboarding-page.tsx(48,30): error TS2339: Property 'onboarding_completed' does not exist on type 'UserRow'.
src/pages/recruiter/recruiter-applicants-page.tsx(19,5): error TS2322: Type '"applied"' is not assignable to type 'ApplicationStatus'.
src/pages/recruiter/recruiter-applicants-page.tsx(21,5): error TS2820: Type '"interview"' is not assignable to type 'ApplicationStatus'. Did you mean '"interviewing"'?
src/pages/recruiter/recruiter-applicants-page.tsx(22,5): error TS2322: Type '"accepted"' is not assignable to type 'ApplicationStatus'.
src/pages/recruiter/recruiter-applicants-page.tsx(136,79): error TS2339: Property 'resume_url' does not exist on type 'ApplicantRow'.
src/pages/recruiter/recruiter-applicants-page.tsx(141,91): error TS2339: Property 'resume_url' does not exist on type 'ApplicantRow'.
src/pages/recruiter/recruiter-company-page.tsx(145,39): error TS2339: Property 'industry' does not exist on type 'CompanyRow'.
src/pages/recruiter/recruiter-company-page.tsx(146,43): error TS2339: Property 'headquarters' does not exist on type 'CompanyRow'.
src/pages/recruiter/recruiter-company-page.tsx(147,38): error TS2339: Property 'website' does not exist on type 'CompanyRow'.
src/pages/recruiter/recruiter-company-page.tsx(174,33): error TS2339: Property 'industry' does not exist on type 'CompanyRow'.
src/pages/recruiter/recruiter-company-page.tsx(174,51): error TS2339: Property 'headquarters' does not exist on type 'CompanyRow'.
src/pages/recruiter/recruiter-dashboard-page.tsx(50,57): error TS2339: Property 'applied_count' does not exist on type 'JobApplicationStatsRow'.
src/pages/recruiter/recruiter-dashboard-page.tsx(51,61): error TS2339: Property 'under_review_count' does not exist on type 'JobApplicationStatsRow'.
src/pages/recruiter/recruiter-dashboard-page.tsx(52,59): error TS2339: Property 'interview_count' does not exist on type 'JobApplicationStatsRow'.
src/pages/recruiter/recruiter-dashboard-page.tsx(53,58): error TS2339: Property 'accepted_count' does not exist on type 'JobApplicationStatsRow'.
src/pages/recruiter/recruiter-dashboard-page.tsx(54,58): error TS2339: Property 'rejected_count' does not exist on type 'JobApplicationStatsRow'.
src/pages/recruiter/recruiter-dashboard-page.tsx(69,45): error TS2339: Property 'onboarding_completed' does not exist on type 'UserRow'.
src/pages/recruiter/recruiter-job-form-page.tsx(60,34): error TS2345: Argument of type '{ company_id: string; title: string; description: string; location: string | null; work_mode: "remote" | "hybrid" | "onsite"; employment_type: "contract" | "internship" | "full-time" | "part-time"; ... 5 more ...; benefits: string[]; }' is not assignable to parameter of type 'Partial<JobInsert>'.
  Types of property 'employment_type' are incompatible.
    Type '"contract" | "internship" | "full-time" | "part-time"' is not assignable to type 'EmploymentType | undefined'.
      Type '"full-time"' is not assignable to type 'EmploymentType | undefined'. Did you mean '"full_time"'?
src/pages/recruiter/recruiter-job-form-page.tsx(62,24): error TS2345: Argument of type '{ recruiter_id: string; company_id: string; title: string; description: string; location: string | null; work_mode: "remote" | "hybrid" | "onsite"; employment_type: "contract" | "internship" | "full-time" | "part-time"; ... 5 more ...; benefits: string[]; }' is not assignable to parameter of type 'JobInsert'.
  Property 'location_mode' is missing in type '{ recruiter_id: string; company_id: string; title: string; description: string; location: string | null; work_mode: "remote" | "hybrid" | "onsite"; employment_type: "contract" | "internship" | "full-time" | "part-time"; ... 5 more ...; benefits: string[]; }' but required in type 'JobInsert'.
src/pages/recruiter/recruiter-job-form-page.tsx(113,11): error TS2322: Type '{ title: string; description: string; location: string; workMode: any; employmentType: EmploymentType; experienceLevel: ExperienceLevel; category: any; salaryMin: number | undefined; salaryMax: number | undefined; skills: string; benefits: any; } | undefined' is not assignable to type 'Partial<{ title: string; description: string; workMode: "remote" | "hybrid" | "onsite"; employmentType: "contract" | "internship" | "full-time" | "part-time"; experienceLevel: "entry" | "mid" | "senior" | "lead"; ... 5 more ...; benefits?: string | undefined; }> | undefined'.
  Type '{ title: string; description: string; location: string; workMode: any; employmentType: EmploymentType; experienceLevel: ExperienceLevel; category: any; salaryMin: number | undefined; salaryMax: number | undefined; skills: string; benefits: any; }' is not assignable to type 'Partial<{ title: string; description: string; workMode: "remote" | "hybrid" | "onsite"; employmentType: "contract" | "internship" | "full-time" | "part-time"; experienceLevel: "entry" | "mid" | "senior" | "lead"; ... 5 more ...; benefits?: string | undefined; }>'.
    Types of property 'employmentType' are incompatible.
      Type 'EmploymentType' is not assignable to type '"contract" | "internship" | "full-time" | "part-time" | undefined'.
        Type '"full_time"' is not assignable to type '"contract" | "internship" | "full-time" | "part-time" | undefined'. Did you mean '"full-time"'?
src/pages/recruiter/recruiter-job-form-page.tsx(119,33): error TS2339: Property 'work_mode' does not exist on type 'JobRow'.
src/pages/recruiter/recruiter-job-form-page.tsx(122,33): error TS2339: Property 'category' does not exist on type 'JobRow'.
src/pages/recruiter/recruiter-job-form-page.tsx(125,27): error TS18047: 'job.skills' is possibly 'null'.
src/pages/recruiter/recruiter-job-form-page.tsx(126,33): error TS2339: Property 'benefits' does not exist on type 'JobRow'.
src/pages/recruiter/recruiter-profile-page.tsx(28,27): error TS2339: Property 'first_name' does not exist on type 'UserRow'.
src/pages/recruiter/recruiter-profile-page.tsx(29,26): error TS2339: Property 'last_name' does not exist on type 'UserRow'.
src/pages/recruiter/recruiter-profile-page.tsx(30,29): error TS2339: Property 'company_role' does not exist on type 'UserRow'.
src/pages/recruiter/recruiter-profile-page.tsx(31,23): error TS2339: Property 'phone' does not exist on type 'UserRow'.
src/pages/recruiter/recruiter-profile-page.tsx(39,9): error TS2353: Object literal may only specify known properties, and 'first_name' does not exist in type 'Partial<UserInsert>'.
